// Vitest Snapshot v1, https://vitest.dev/guide/snapshot.html

exports[`getShaderCode > shader code is stable (snapshot) 1`] = `
"
    uniform shader scene;
    uniform mat3 modelView;
    uniform float saturation;
    uniform float lightness;
    uniform float hue;
    uniform float opacity;
    uniform float blendMode;
    uniform vec2 coordOffset;
    uniform float feather;
    uniform float invertFeather;
    uniform vec2 itemSize;
    uniform vec2 shapeSize;
    uniform float shapeType;
    uniform float dreamy;
    uniform float bloomThreshold;

    vec3 rgb2hsv(vec3 c) {
      vec4 K = vec4(0.0, -1.0 / 3.0, 2.0 / 3.0, -1.0);
      vec4 p = mix(vec4(c.bg, K.wz), vec4(c.gb, K.xy), step(c.b, c.g));
      vec4 q = mix(vec4(p.xyw, c.r), vec4(c.r, p.yzx), step(p.x, c.r));
      float d = q.x - min(q.w, q.y);
      float e = 1.0e-10;
      return vec3(abs(q.z + (q.w - q.y) / (6.0 * d + e)), d / (q.x + e), q.x);
    }

    vec3 hsv2rgb(vec3 c) {
      vec4 K = vec4(1.0, 2.0 / 3.0, 1.0 / 3.0, 3.0);
      vec3 p = abs(fract(c.xxx + K.xyz) * 6.0 - K.www);
      return c.z * mix(K.xxx, clamp(p - K.xxx, 0.0, 1.0), c.y);
    }

    // ── Blend mode functions ──
    // Each takes the adjusted scene colour (base) and the tint colour (blend)

    vec3 blendMultiply(vec3 base, vec3 blend) {
      return base * blend;
    }

    vec3 blendOverlay(vec3 base, vec3 blend) {
      return mix(
        2.0 * base * blend,
        1.0 - 2.0 * (1.0 - base) * (1.0 - blend),
        step(0.5, base)
      );
    }

    vec3 blendSoftLight(vec3 base, vec3 blend) {
      // W3C compositing formula for Soft Light
      vec3 d = mix(
        sqrt(base),
        ((16.0 * base - 12.0) * base + 4.0) * base,
        step(0.25, base)
      );
      return mix(
        base - (1.0 - 2.0 * blend) * base * (1.0 - base),
        base + (2.0 * blend - 1.0) * (d - base),
        step(0.5, blend)
      );
    }

    vec3 blendColor(vec3 base, vec3 blend) {
      // "Color" blend: take hue and saturation from the tint,
      // but preserve the luminosity (V channel) of the base.
      vec3 blendHSV = rgb2hsv(blend);
      vec3 baseHSV = rgb2hsv(base);
      return hsv2rgb(vec3(blendHSV.x, blendHSV.y, baseHSV.z));
    }

    // ── Feather mask ──
    // Returns 0.0–1.0 representing how much of the effect to apply.
    // When invertFeather is 0: 1 at centre, fades to 0 at edges.
    // When invertFeather is 1: 0 at centre, fades to 1 at edges.
    //
    // correctedCoord originates near the top-left of the attachment for all
    // shape types. Subtracting halfSize converts it to centre-relative space
    // where (0,0) is the geometric centre of the item.

    float computeFeather(vec2 correctedCoord) {
      if (feather <= 0.0) return 1.0;

      vec2 halfSize = itemSize * 0.5;

      // Convert to centre-relative coordinates.
      // correctedCoord originates near the top-left of the attachment for all
      // shape types; subtracting halfSize shifts the origin to the geometric centre.
      vec2 centreRel = correctedCoord - halfSize;

      // Shape type selectors (branchless via step ranges)
      float isCircle   = step(0.5, shapeType) * step(shapeType, 1.5);  // type 1
      float isTriangle = step(1.5, shapeType) * step(shapeType, 2.5);  // type 2
      float isHexagon  = step(2.5, shapeType) * step(shapeType, 3.5);  // type 3

      // Normalised position: 0 at centre, 1 at edge
      float edgeNorm;

      // Circle/ellipse: elliptical distance from centre
      vec2 ellipseNorm2 = centreRel / halfSize;
      float ellipseNorm = length(ellipseNorm2);

      // Rectangle and others: rectangular distance (nearest edge)
      vec2 distFromEdge = halfSize - abs(centreRel);
      float minHalf = min(halfSize.x, halfSize.y);
      float rectNorm = 1.0 - min(distFromEdge.x, distFromEdge.y) / minHalf;

      // Triangle (isoceles, apex at top-centre of bounding box)
      // Normalised by shapeSize (the actual item.width × item.height,
      // excluding bounds excess and stroke padding) so the SDF matches
      // the visible triangle geometry.
      // tp.x is abs'd to exploit left/right symmetry; tp.y keeps sign since
      // the triangle is asymmetric vertically (apex at top, base at bottom).
      // Signed distance to each edge (positive = inside the triangle):
      //   base:   1 - y
      //   slant:  (-2|x| + y + 1) / √5   (inward normal of the slanted edge)
      // Normalised by the inradius (√5 - 1)/2 ≈ 0.618 so that 0 = incircle
      // centre (equidistant from all edges) and 1 = on the edge.
      vec2 triHalf = shapeSize * 0.5;
      vec2 tp = vec2(abs(centreRel.x) / triHalf.x, centreRel.y / triHalf.y);
      float s5 = sqrt(5.0);
      float triBase  = 1.0 - tp.y;
      float triSlant = (-2.0 * tp.x + tp.y + 1.0) / s5;
      float triNorm  = 1.0 - min(triBase, triSlant) * 2.0 / (s5 - 1.0);

      // Hexagon (pointy-top, regular): OBR draws a regular hex inscribed
      // in a circle of circumradius r, with only the top and bottom vertices
      // touching the bounding box. shapeSize carries the hex's actual visual
      // dimensions (2×inradius, 2×circumradius) computed from item.width/height,
      // excluding the bounds excess/stroke padding that inflates itemSize.
      vec2 hexHalf = shapeSize * 0.5;
      vec2 hp = abs(centreRel) / hexHalf;
      float hexNorm = max(hp.x, 0.5 * hp.x + hp.y);

      edgeNorm = mix(rectNorm, ellipseNorm, isCircle);
      edgeNorm = mix(edgeNorm, triNorm, isTriangle);
      edgeNorm = mix(edgeNorm, hexNorm, isHexagon);

      // Feather zone: from (1 - feather) to 1
      // At edgeNorm <= (1 - feather): fade = 1 (full effect)
      // At edgeNorm >= 1: fade = 0 (no effect)
      float innerEdge = 1.0 - feather;
      float fade = 1.0 - smoothstep(innerEdge, 1.0, edgeNorm);

      // Invert: flip the fade direction
      fade = mix(fade, 1.0 - fade, invertFeather);

      return fade;
    }

    // ── Dreamy / Crisp blur kernel ──
    // Samples 16 screen-space neighbours in an evenly-spaced ring at radius R.
    // Used for both bloom (dreamy > 0) and unsharp mask (dreamy < 0).
    // Only called when dreamy != 0 — the if-guard in main prevents any
    // extra scene.eval() calls when the slider is at its centre position.

    vec3 computeBlur(vec2 uv) {
      const float R = 2.0;
      vec3 acc = vec3(0.0);
      acc += scene.eval(uv + vec2( 0.000,  1.000) * R).rgb;
      acc += scene.eval(uv + vec2( 0.383,  0.924) * R).rgb;
      acc += scene.eval(uv + vec2( 0.707,  0.707) * R).rgb;
      acc += scene.eval(uv + vec2( 0.924,  0.383) * R).rgb;
      acc += scene.eval(uv + vec2( 1.000,  0.000) * R).rgb;
      acc += scene.eval(uv + vec2( 0.924, -0.383) * R).rgb;
      acc += scene.eval(uv + vec2( 0.707, -0.707) * R).rgb;
      acc += scene.eval(uv + vec2( 0.383, -0.924) * R).rgb;
      acc += scene.eval(uv + vec2( 0.000, -1.000) * R).rgb;
      acc += scene.eval(uv + vec2(-0.383, -0.924) * R).rgb;
      acc += scene.eval(uv + vec2(-0.707, -0.707) * R).rgb;
      acc += scene.eval(uv + vec2(-0.924, -0.383) * R).rgb;
      acc += scene.eval(uv + vec2(-1.000,  0.000) * R).rgb;
      acc += scene.eval(uv + vec2(-0.924,  0.383) * R).rgb;
      acc += scene.eval(uv + vec2(-0.707,  0.707) * R).rgb;
      acc += scene.eval(uv + vec2(-0.383,  0.924) * R).rgb;
      return acc / 16.0;
    }

    half4 main(vec2 coord) {
      // Corrected coordinate: shifts the origin to match the actual
      // item bounds (compensates for shape-specific origin offsets)
      vec2 corrected = coord + coordOffset;

      // Transform to screen-space pixels for scene sampling
      vec2 uv = (vec3(corrected, 1) * modelView).xy;
      half4 color = scene.eval(uv);

      // ── 1. Saturation adjustment (full strength) ──
      vec3 hsv = rgb2hsv(color.rgb);
      hsv.y = clamp(hsv.y * saturation, 0.0, 1.0);

      // ── 2. Lightness adjustment (full strength) ──
      hsv.z = clamp(hsv.z * lightness, 0.0, 1.0);

      vec3 adjusted = hsv2rgb(hsv);

      // ── 3. Hue tint with blend mode (blended at opacity strength) ──
      vec3 tint = hsv2rgb(vec3(fract(hue), 1.0, 1.0));

      // Select blend mode (using step comparisons since SkSL int uniforms
      // can be unreliable; float comparison is robust across GPU backends)
      //   0 = Multiply, 1 = Overlay, 2 = Soft Light, 3 = Color
      vec3 blended = blendMultiply(adjusted, tint);
      blended = mix(blended, blendOverlay(adjusted, tint),   step(0.5, blendMode) * step(blendMode, 1.5));
      blended = mix(blended, blendSoftLight(adjusted, tint), step(1.5, blendMode) * step(blendMode, 2.5));
      blended = mix(blended, blendColor(adjusted, tint),     step(2.5, blendMode));

      vec3 graded = mix(adjusted, blended, opacity);

      // ── 4. Dreamy / Crisp (blur-based; skipped entirely when dreamy == 0) ──
      // dreamy uniform range: -1.0 (full crisp) to +1.0 (full dreamy)
      if (dreamy != 0.0) {
        vec3 blurred = computeBlur(uv);

        // computeBlur samples scene.eval() — the raw scene — not the post-HSLO
        // signal. Apply the same saturation and lightness transforms that were
        // applied to graded so both sides of the bloom/unsharp arithmetic stay
        // in the same colour space.
        // Without saturation: low-saturation scenes bleed colour into bloom/unsharp.
        // Without lightness: darkened scenes (l<100) get disproportionate bloom
        // (blurred is brighter than graded) and excessive unsharp darkening
        // (graded-blurred is more negative than expected).
        float blurLuma = dot(blurred, vec3(0.2126, 0.7152, 0.0722));
        blurred = mix(vec3(blurLuma), blurred, saturation);
        blurred = clamp(blurred * lightness, 0.0, 1.0);

        if (dreamy > 0.0) {
          // Bloom path: extract bright regions of the blur and add back at
          // dreamy strength. Only pixels above the luminance threshold
          // contribute, giving a soft glow around bright scene areas.
          float luma = dot(blurred, vec3(0.2126, 0.7152, 0.0722));
          float brightMask = smoothstep(bloomThreshold, bloomThreshold + 0.15, luma);
          graded = clamp(graded + dreamy * brightMask * blurred, 0.0, 1.0);
        } else {
          // Unsharp mask path: dreamy is negative, so abs() gives the strength.
          // output = original + |strength| * (original - blurred)
          float strength = -dreamy;
          graded = clamp(graded + strength * (graded - blurred), 0.0, 1.0);
        }
      }

      // ── 5. Feather mask (uses corrected coord for proper origin) ──
      float fade = computeFeather(corrected);
      vec3 result = mix(color.rgb, graded, fade);

      // DEBUG: Uncomment to visualise the corrected coordinate space.
      // Red = x position (0 at left, 1 at right)
      // Green = y position (0 at top, 1 at bottom)
      // If the gradient fills the item evenly, coord correction is right.
      // vec2 dbg = corrected / itemSize;
      // return half4(half3(dbg.x, dbg.y, 0.0), 1.0);

      return half4(result, color.a);
    }
  "
`;
